This is pdfTeX, Version 3.141592653-2.6-1.40.22 (TeX Live 2021) (preloaded format=pdflatex 2022.2.19)  19 FEB 2022 21:16
entering extended mode
 restricted \write18 enabled.
 %&-line parsing enabled.
**ReferenceMan
(./ReferenceMan.tex
LaTeX2e <2020-10-01> patch level 4
L3 programming layer <2021-02-18>
(/usr/local/texlive/2021/texmf-dist/tex/latex/base/report.cls
Document Class: report 2020/04/10 v1.4m Standard LaTeX document class
(/usr/local/texlive/2021/texmf-dist/tex/latex/base/size10.clo
File: size10.clo 2020/04/10 v1.4m Standard LaTeX file (size option)
)
\c@part=\count179
\c@chapter=\count180
\c@section=\count181
\c@subsection=\count182
\c@subsubsection=\count183
\c@paragraph=\count184
\c@subparagraph=\count185
\c@figure=\count186
\c@table=\count187
\abovecaptionskip=\skip47
\belowcaptionskip=\skip48
\bibindent=\dimen138
)
(/usr/local/texlive/2021/texmf-dist/tex/latex/amsmath/amsmath.sty
Package: amsmath 2020/09/23 v2.17i AMS math features
\@mathmargin=\skip49

For additional information on amsmath, use the `?' option.
(/usr/local/texlive/2021/texmf-dist/tex/latex/amsmath/amstext.sty
Package: amstext 2000/06/29 v2.01 AMS text

(/usr/local/texlive/2021/texmf-dist/tex/latex/amsmath/amsgen.sty
File: amsgen.sty 1999/11/30 v2.0 generic functions
\@emptytoks=\toks15
\ex@=\dimen139
))
(/usr/local/texlive/2021/texmf-dist/tex/latex/amsmath/amsbsy.sty
Package: amsbsy 1999/11/29 v1.2d Bold Symbols
\pmbraise@=\dimen140
)
(/usr/local/texlive/2021/texmf-dist/tex/latex/amsmath/amsopn.sty
Package: amsopn 2016/03/08 v2.02 operator names
)
\inf@bad=\count188
LaTeX Info: Redefining \frac on input line 234.
\uproot@=\count189
\leftroot@=\count190
LaTeX Info: Redefining \overline on input line 399.
\classnum@=\count191
\DOTSCASE@=\count192
LaTeX Info: Redefining \ldots on input line 496.
LaTeX Info: Redefining \dots on input line 499.
LaTeX Info: Redefining \cdots on input line 620.
\Mathstrutbox@=\box47
\strutbox@=\box48
\big@size=\dimen141
LaTeX Font Info:    Redeclaring font encoding OML on input line 743.
LaTeX Font Info:    Redeclaring font encoding OMS on input line 744.
\macc@depth=\count193
\c@MaxMatrixCols=\count194
\dotsspace@=\muskip16
\c@parentequation=\count195
\dspbrk@lvl=\count196
\tag@help=\toks16
\row@=\count197
\column@=\count198
\maxfields@=\count199
\andhelp@=\toks17
\eqnshift@=\dimen142
\alignsep@=\dimen143
\tagshift@=\dimen144
\tagwidth@=\dimen145
\totwidth@=\dimen146
\lineht@=\dimen147
\@envbody=\toks18
\multlinegap=\skip50
\multlinetaggap=\skip51
\mathdisplay@stack=\toks19
LaTeX Info: Redefining \[ on input line 2923.
LaTeX Info: Redefining \] on input line 2924.
)
(/usr/local/texlive/2021/texmf-dist/tex/latex/boxedminipage/boxedminipage.sty
Package: boxedminipage 2020/04/19 v1.1 Boxed LaTeX2e minipages
\bmp@box=\box49
\bmp@width=\skip52
\bmp@height=\skip53
)
(/usr/local/texlive/2021/texmf-dist/tex/latex/pdflscape/pdflscape.sty
Package: pdflscape 2019/12/05 v0.12 Display of landscape pages in PDF (HO)

(/usr/local/texlive/2021/texmf-dist/tex/generic/iftex/iftex.sty
Package: iftex 2020/03/06 v1.0d TeX engine tests
)
(/usr/local/texlive/2021/texmf-dist/tex/latex/graphics/lscape.sty
Package: lscape 2020/05/28 v3.02 Landscape Pages (DPC)

(/usr/local/texlive/2021/texmf-dist/tex/latex/graphics/graphics.sty
Package: graphics 2020/08/30 v1.4c Standard LaTeX Graphics (DPC,SPQR)

(/usr/local/texlive/2021/texmf-dist/tex/latex/graphics/trig.sty
Package: trig 2016/01/03 v1.10 sin cos tan (DPC)
)
(/usr/local/texlive/2021/texmf-dist/tex/latex/graphics-cfg/graphics.cfg
File: graphics.cfg 2016/06/04 v1.11 sample graphics configuration
)
Package graphics Info: Driver file: pdftex.def on input line 105.

(/usr/local/texlive/2021/texmf-dist/tex/latex/graphics-def/pdftex.def
File: pdftex.def 2020/10/05 v1.2a Graphics/color driver for pdftex
)))
Package pdflscape Info: Auto-detected driver: pdftex on input line 81.
)
(/usr/local/texlive/2021/texmf-dist/tex/latex/amsfonts/amssymb.sty
Package: amssymb 2013/01/14 v3.01 AMS font symbols

(/usr/local/texlive/2021/texmf-dist/tex/latex/amsfonts/amsfonts.sty
Package: amsfonts 2013/01/14 v3.01 Basic AMSFonts support
\symAMSa=\mathgroup4
\symAMSb=\mathgroup5
LaTeX Font Info:    Redeclaring math symbol \hbar on input line 98.
LaTeX Font Info:    Overwriting math alphabet `\mathfrak' in version `bold'
(Font)                  U/euf/m/n --> U/euf/b/n on input line 106.
))
(/usr/local/texlive/2021/texmf-dist/tex/latex/tools/bm.sty
Package: bm 2019/07/24 v1.2d Bold Symbol Support (DPC/FMi)
\symboldoperators=\mathgroup6
\symboldletters=\mathgroup7
\symboldsymbols=\mathgroup8
LaTeX Font Info:    Redeclaring math alphabet \mathbf on input line 141.
LaTeX Info: Redefining \bm on input line 209.
)
(/usr/local/texlive/2021/texmf-dist/tex/latex/url/url.sty
\Urlmuskip=\muskip17
Package: url 2013/09/16  ver 3.4  Verb mode for urls, etc.
)
(/usr/local/texlive/2021/texmf-dist/tex/latex/acronym/acronym.sty
Package: acronym 2020/04/17 v1.47 Support for acronyms (Tobias Oetiker)

(/usr/local/texlive/2021/texmf-dist/tex/latex/bigfoot/suffix.sty
Package: suffix 2006/07/15 1.5a Variant command support
)
(/usr/local/texlive/2021/texmf-dist/tex/generic/xstring/xstring.sty
(/usr/local/texlive/2021/texmf-dist/tex/generic/xstring/xstring.tex
\integerpart=\count266
\decimalpart=\count267
)
Package: xstring 2019/02/06 v1.83 String manipulations (CT)
)
\AC@clearlist=\toks20
)
(/usr/local/texlive/2021/texmf-dist/tex/latex/graphics/epsfig.sty
Package: epsfig 2017/06/25 v1.7b (e)psfig emulation (SPQR)

(/usr/local/texlive/2021/texmf-dist/tex/latex/graphics/graphicx.sty
Package: graphicx 2020/09/09 v1.2b Enhanced LaTeX Graphics (DPC,SPQR)

(/usr/local/texlive/2021/texmf-dist/tex/latex/graphics/keyval.sty
Package: keyval 2014/10/28 v1.15 key=value parser (DPC)
\KV@toks@=\toks21
)
\Gin@req@height=\dimen148
\Gin@req@width=\dimen149
)
\epsfxsize=\dimen150
\epsfysize=\dimen151
)
(/usr/local/texlive/2021/texmf-dist/tex/latex/graphics/rotating.sty
Package: rotating 2016/08/11 v2.16d rotated objects in LaTeX

(/usr/local/texlive/2021/texmf-dist/tex/latex/base/ifthen.sty
Package: ifthen 2014/09/29 v1.1c Standard LaTeX ifthen package (DPC)
)
\c@r@tfl@t=\count268
\rotFPtop=\skip54
\rotFPbot=\skip55
\rot@float@box=\box50
\rot@mess@toks=\toks22
)
(/usr/local/texlive/2021/texmf-dist/tex/latex/pslatex/pslatex.sty
Package: pslatex 2021/01/13 v1.3 pslatex emulation (DPC)
LaTeX Font Info:    Redeclaring symbol font `operators' on input line 66.
LaTeX Font Info:    Overwriting symbol font `operators' in version `normal'
(Font)                  OT1/cmr/m/n --> OT1/ptmcm/m/n on input line 66.
LaTeX Font Info:    Overwriting symbol font `operators' in version `bold'
(Font)                  OT1/cmr/bx/n --> OT1/ptmcm/m/n on input line 66.
LaTeX Font Info:    Redeclaring symbol font `letters' on input line 67.
LaTeX Font Info:    Overwriting symbol font `letters' in version `normal'
(Font)                  OML/cmm/m/it --> OML/ptmcm/m/it on input line 67.
LaTeX Font Info:    Overwriting symbol font `letters' in version `bold'
(Font)                  OML/cmm/b/it --> OML/ptmcm/m/it on input line 67.
LaTeX Font Info:    Redeclaring symbol font `symbols' on input line 68.
LaTeX Font Info:    Overwriting symbol font `symbols' in version `normal'
(Font)                  OMS/cmsy/m/n --> OMS/pzccm/m/n on input line 68.
LaTeX Font Info:    Overwriting symbol font `symbols' in version `bold'
(Font)                  OMS/cmsy/b/n --> OMS/pzccm/m/n on input line 68.
LaTeX Font Info:    Redeclaring symbol font `largesymbols' on input line 69.
LaTeX Font Info:    Overwriting symbol font `largesymbols' in version `normal'
(Font)                  OMX/cmex/m/n --> OMX/psycm/m/n on input line 69.
LaTeX Font Info:    Overwriting symbol font `largesymbols' in version `bold'
(Font)                  OMX/cmex/m/n --> OMX/psycm/m/n on input line 69.
\symbold=\mathgroup9
\symitalic=\mathgroup10
LaTeX Font Info:    Redeclaring math alphabet \mathbf on input line 75.
LaTeX Font Info:    Redeclaring math alphabet \mathit on input line 76.
LaTeX Font Info:    Overwriting math alphabet `\mathit' in version `normal'
(Font)                  OT1/cmr/m/it --> OT1/ptm/m/it on input line 76.
LaTeX Font Info:    Overwriting math alphabet `\mathit' in version `bold'
(Font)                  OT1/cmr/bx/it --> OT1/ptm/m/it on input line 76.
)
(/usr/local/texlive/2021/texmf-dist/tex/latex/natbib/natbib.sty
Package: natbib 2010/09/13 8.31b (PWD, AO)
\bibhang=\skip56
\bibsep=\skip57
LaTeX Info: Redefining \cite on input line 694.
\c@NAT@ctr=\count269
)
(/usr/local/texlive/2021/texmf-dist/tex/latex/wrapfig/wrapfig.sty
\wrapoverhang=\dimen152
\WF@size=\dimen153
\c@WF@wrappedlines=\count270
\WF@box=\box51
\WF@everypar=\toks23
Package: wrapfig 2003/01/31  v 3.6
)
(/usr/local/texlive/2021/texmf-dist/tex/latex/l3backend/l3backend-pdftex.def
File: l3backend-pdftex.def 2021-03-18 L3 backend support: PDF output (pdfTeX)
\l__color_backend_stack_int=\count271
\l__pdf_internal_box=\box52
)
(./ReferenceMan.aux (./acronyms.aux))
\openout1 = `ReferenceMan.aux'.

LaTeX Font Info:    Checking defaults for OML/cmm/m/it on input line 45.
LaTeX Font Info:    ... okay on input line 45.
LaTeX Font Info:    Checking defaults for OMS/pzccm/m/n on input line 45.
LaTeX Font Info:    Trying to load font information for OMS+pzccm on input line
 45.

(/usr/local/texlive/2021/texmf-dist/tex/latex/psnfss/omspzccm.fd
File: omspzccm.fd 2000/01/03 Fontinst v1.801 font definitions for OMS/pzccm.
)
LaTeX Font Info:    ... okay on input line 45.
LaTeX Font Info:    Checking defaults for OT1/cmr/m/n on input line 45.
LaTeX Font Info:    ... okay on input line 45.
LaTeX Font Info:    Checking defaults for T1/cmr/m/n on input line 45.
LaTeX Font Info:    ... okay on input line 45.
LaTeX Font Info:    Checking defaults for TS1/cmr/m/n on input line 45.
LaTeX Font Info:    ... okay on input line 45.
LaTeX Font Info:    Checking defaults for OMX/cmex/m/n on input line 45.
LaTeX Font Info:    ... okay on input line 45.
LaTeX Font Info:    Checking defaults for U/cmr/m/n on input line 45.
LaTeX Font Info:    ... okay on input line 45.

(/usr/local/texlive/2021/texmf-dist/tex/context/base/mkii/supp-pdf.mkii
[Loading MPS to PDF converter (version 2006.09.02).]
\scratchcounter=\count272
\scratchdimen=\dimen154
\scratchbox=\box53
\nofMPsegments=\count273
\nofMParguments=\count274
\everyMPshowfont=\toks24
\MPscratchCnt=\count275
\MPscratchDim=\dimen155
\MPnumerator=\count276
\makeMPintoPDFobject=\count277
\everyMPtoPDFconversion=\toks25
) (/usr/local/texlive/2021/texmf-dist/tex/latex/epstopdf-pkg/epstopdf-base.sty
Package: epstopdf-base 2020-01-24 v2.11 Base part for package epstopdf
Package epstopdf-base Info: Redefining graphics rule for `.eps' on input line 4
85.

(/usr/local/texlive/2021/texmf-dist/tex/latex/latexconfig/epstopdf-sys.cfg
File: epstopdf-sys.cfg 2010/07/13 v1.3 Configuration of (r)epstopdf for TeX Liv
e
))
Package epstopdf Info: Source file: <ICTP_logo.eps>
(epstopdf)                    date: 2019-02-19 23:33:26
(epstopdf)                    size: 214662 bytes
(epstopdf)             Output file: <ICTP_logo-eps-converted-to.pdf>
(epstopdf)                    date: 2022-02-19 21:16:09
(epstopdf)                    size: 15875 bytes
(epstopdf)             Command: <repstopdf --outfile=ICTP_logo-eps-converted-to
.pdf ICTP_logo.eps>
(epstopdf)             \includegraphics on input line 52.
Package epstopdf Info: Output file is already uptodate.
<ICTP_logo-eps-converted-to.pdf, id=1, 135.50626pt x 143.53625pt>
File: ICTP_logo-eps-converted-to.pdf Graphic file (type pdf)
<use ICTP_logo-eps-converted-to.pdf>
Package pdftex.def Info: ICTP_logo-eps-converted-to.pdf  used on input line 52.

(pdftex.def)             Requested size: 135.5059pt x 143.53589pt.
LaTeX Font Info:    Trying to load font information for OT1+ptmcm on input line
 78.

(/usr/local/texlive/2021/texmf-dist/tex/latex/psnfss/ot1ptmcm.fd
File: ot1ptmcm.fd 2000/01/03 Fontinst v1.801 font definitions for OT1/ptmcm.
)
LaTeX Font Info:    Trying to load font information for OML+ptmcm on input line
 78.

(/usr/local/texlive/2021/texmf-dist/tex/latex/psnfss/omlptmcm.fd
File: omlptmcm.fd 2000/01/03 Fontinst v1.801 font definitions for OML/ptmcm.
)
LaTeX Font Info:    Trying to load font information for OMX+psycm on input line
 78.

(/usr/local/texlive/2021/texmf-dist/tex/latex/psnfss/omxpsycm.fd
File: omxpsycm.fd 2000/01/03 Fontinst v1.801 font definitions for OMX/psycm.
)
LaTeX Font Info:    Trying to load font information for U+msa on input line 78.


(/usr/local/texlive/2021/texmf-dist/tex/latex/amsfonts/umsa.fd
File: umsa.fd 2013/01/14 v3.01 AMS symbols A
)
LaTeX Font Info:    Trying to load font information for U+msb on input line 78.


(/usr/local/texlive/2021/texmf-dist/tex/latex/amsfonts/umsb.fd
File: umsb.fd 2013/01/14 v3.01 AMS symbols B
)
LaTeX Font Info:    Font shape `OT1/ptm/bx/n' in size <10> not available
(Font)              Font shape `OT1/ptm/b/n' tried instead on input line 78.
LaTeX Font Info:    Font shape `OT1/ptm/bx/n' in size <7.4> not available
(Font)              Font shape `OT1/ptm/b/n' tried instead on input line 78.
LaTeX Font Info:    Font shape `OT1/ptm/bx/n' in size <6> not available
(Font)              Font shape `OT1/ptm/b/n' tried instead on input line 78.

Overfull \hbox (15.0pt too wide) in paragraph at lines 78--79
[][] 
 []

[1

{/usr/local/texlive/2021/texmf-var/fonts/map/pdftex/updmap/pdftex.map} <./ICTP_
logo-eps-converted-to.pdf>] [2

] (./ack.tex) [3] [4

] (./ReferenceMan.toc
Package acronym Info: Label `acro:RegCM' newly defined as it shall be overridde
n
although it is yet undefined on input line 1.
)
\tf@toc=\write3
\openout3 = `ReferenceMan.toc'.


[5

] [6

] (./ReferenceMan.lof)
\tf@lof=\write4
\openout4 = `ReferenceMan.lof'.

 [7

] (./ReferenceMan.lot)
\tf@lot=\write5
\openout5 = `ReferenceMan.lot'.

 [8

] (./abstract.tex
Chapter 1.
LaTeX Font Info:    Font shape `OT1/ptm/bx/n' in size <8> not available
(Font)              Font shape `OT1/ptm/b/n' tried instead on input line 37.
LaTeX Font Info:    Font shape `OT1/ptm/bx/n' in size <5> not available
(Font)              Font shape `OT1/ptm/b/n' tried instead on input line 37.
Package acronym Info: Label `acro:ICTP' newly defined as it shall be overridden

although it is yet undefined on input line 60.
) (./intro.tex [9


]
Chapter 2.
Package acronym Info: Label `acro:LAMs' newly defined as it shall be overridden

although it is yet undefined on input line 22.
Package acronym Info: Label `acro:GCM' newly defined as it shall be overridden
although it is yet undefined on input line 26.
Package acronym Info: Label `acro:LBCs' newly defined as it shall be overridden

although it is yet undefined on input line 27.
Package acronym Info: Label `acro:RCM' newly defined as it shall be overridden
although it is yet undefined on input line 27.
Package acronym Info: Label `acro:NCAR' newly defined as it shall be overridden

although it is yet undefined on input line 30.
Package acronym Info: Label `acro:PSU' newly defined as it shall be overridden
although it is yet undefined on input line 30.
Package acronym Info: Label `acro:MM4' newly defined as it shall be overridden
although it is yet undefined on input line 31.
Package acronym Info: Label `acro:MM5' newly defined as it shall be overridden
although it is yet undefined on input line 41.
Package acronym Info: Label `acro:CCM1' newly defined as it shall be overridden

although it is yet undefined on input line 53.
Package acronym Info: Label `acro:RegCM2' newly defined as it shall be overridd
en
although it is yet undefined on input line 60.
Package acronym Info: Label `acro:CCM2' newly defined as it shall be overridden

although it is yet undefined on input line 61.
Package acronym Info: Label `acro:CCM' newly defined as it shall be overridden
although it is yet undefined on input line 70.
Package acronym Info: Label `acro:CCM3' newly defined as it shall be overridden

although it is yet undefined on input line 70.
[10

]
Package acronym Info: Label `acro:BATS1e' newly defined as it shall be overridd
en
although it is yet undefined on input line 151.
 [11]
Package epstopdf Info: Source file: <sigma_levels.eps>
(epstopdf)                    date: 2019-02-19 23:33:26
(epstopdf)                    size: 4037902 bytes
(epstopdf)             Output file: <sigma_levels-eps-converted-to.pdf>
(epstopdf)                    date: 2022-02-19 21:16:10
(epstopdf)                    size: 28150 bytes
(epstopdf)             Command: <repstopdf --outfile=sigma_levels-eps-converted
-to.pdf sigma_levels.eps>
(epstopdf)             \includegraphics on input line 175.
Package epstopdf Info: Output file is already uptodate.
<sigma_levels-eps-converted-to.pdf, id=47, 883.3pt x 756.8275pt>
File: sigma_levels-eps-converted-to.pdf Graphic file (type pdf)
<use sigma_levels-eps-converted-to.pdf>
Package pdftex.def Info: sigma_levels-eps-converted-to.pdf  used on input line 
175.
(pdftex.def)             Requested size: 883.29785pt x 756.82565pt.

Overfull \hbox (10.89447pt too wide) in paragraph at lines 174--179
[][] 
 []


Package amsmath Warning: Foreign command \over;
(amsmath)                \frac or \genfrac should be used instead
(amsmath)                 on input line 195.

[12 <./sigma_levels-eps-converted-to.pdf>]
Package epstopdf Info: Source file: <grid2.eps>
(epstopdf)                    date: 2019-02-19 23:33:26
(epstopdf)                    size: 72131 bytes
(epstopdf)             Output file: <grid2-eps-converted-to.pdf>
(epstopdf)                    date: 2022-02-19 21:16:11
(epstopdf)                    size: 4650 bytes
(epstopdf)             Command: <repstopdf --outfile=grid2-eps-converted-to.pdf
 grid2.eps>
(epstopdf)             \includegraphics on input line 239.
Package epstopdf Info: Output file is already uptodate.
<grid2-eps-converted-to.pdf, id=53, 541.02126pt x 483.8075pt>
File: grid2-eps-converted-to.pdf Graphic file (type pdf)
<use grid2-eps-converted-to.pdf>
Package pdftex.def Info: grid2-eps-converted-to.pdf  used on input line 239.
(pdftex.def)             Requested size: 541.01993pt x 483.80632pt.
 [13] [14 <./grid2-eps-converted-to.pdf>]) (./description.tex [15]
Chapter 3.
LaTeX Font Info:    Trying to load font information for TS1+ptm on input line 2
6.
(/usr/local/texlive/2021/texmf-dist/tex/latex/psnfss/ts1ptm.fd
File: ts1ptm.fd 2001/06/04 font definitions for TS1/ptm.
)
Underfull \hbox (badness 10000) in paragraph at lines 78--84

 []

[16

] [17] [18] [19] [20]

LaTeX Warning: there is no bold Symbol font on input line 469.

[21] [22] [23] [24]
Package acronym Info: Label `acro:BATS' newly defined as it shall be overridden

although it is yet undefined on input line 758.
Package acronym Info: Label `acro:RegCM4' newly defined as it shall be overridd
en
although it is yet undefined on input line 774.
 [25] [26] [27]
LaTeX Font Info:    Font shape `OT1/ptm/bx/n' in size <9> not available
(Font)              Font shape `OT1/ptm/b/n' tried instead on input line 865.
LaTeX Font Info:    Font shape `OT1/ptm/bx/n' in size <7> not available
(Font)              Font shape `OT1/ptm/b/n' tried instead on input line 865.

Overfull \hbox (51.30809pt too wide) in paragraph at lines 865--906
 [][] 
 []

[28] [29


] [30]
Underfull \hbox (badness 10000) in paragraph at lines 1131--1138

 []

[31]
Underfull \hbox (badness 10000) in paragraph at lines 1165--1176

 []

[32] [33]
Package acronym Info: Label `acro:RegCM3' newly defined as it shall be overridd
en
although it is yet undefined on input line 1370.
 [34]
<scheme_var2.jpg, id=132, 722.7pt x 542.025pt>
File: scheme_var2.jpg Graphic file (type jpg)
<use scheme_var2.jpg>
Package pdftex.def Info: scheme_var2.jpg  used on input line 1394.
(pdftex.def)             Requested size: 273.14922pt x 204.86337pt.
 [35 <./scheme_var2.jpg>] [36]) (./ReferenceMan.bbl [37]
Underfull \hbox (badness 1308) in paragraph at lines 54--58
[]\OT1/ptm/m/n/10 Dickinson, R. E., P. J. Kennedy, A. Henderson-Sellers, and M.
 Wilson, Biosphere-atmosphere transfer
 []

[38

] [39] [40]) [41]
\openout2 = `acronyms.aux'.

 (./acronyms.tex [42

]) [43] (./ReferenceMan.aux
(./acronyms.aux)) )
(\end occurred inside a group at level 1)

### simple group (level 1) entered at line 1139 ({)
### bottom level 
Here is how much of TeX's memory you used:
 4598 strings out of 478994
 61657 string characters out of 5858184
 381123 words of memory out of 5000000
 21908 multiletter control sequences out of 15000+600000
 466809 words of font info for 159 fonts, out of 8000000 for 9000
 1141 hyphenation exceptions out of 8191
 83i,13n,88p,667b,444s stack positions out of 5000i,500n,10000p,200000b,80000s
{/usr/local/texlive/2021/texmf-dist/fonts/enc/dvips/base/8r.enc
}</usr/local/texlive/2021/texmf-dist/fonts/type1/public/amsfonts/cm/cmex10.pfb>
</usr/local/texlive/2021/texmf-dist/fonts/type1/public/amsfonts/cmextra/cmex9.p
fb></usr/local/texlive/2021/texmf-dist/fonts/type1/public/amsfonts/cm/cmmi10.pf
b></usr/local/texlive/2021/texmf-dist/fonts/type1/public/amsfonts/cm/cmmib10.pf
b></usr/local/texlive/2021/texmf-dist/fonts/type1/public/amsfonts/cmextra/cmmib
7.pfb></usr/local/texlive/2021/texmf-dist/fonts/type1/public/amsfonts/cm/cmr10.
pfb></usr/local/texlive/2021/texmf-dist/fonts/type1/public/amsfonts/cm/cmsy10.p
fb></usr/local/texlive/2021/texmf-dist/fonts/type1/urw/courier/ucrb8a.pfb></usr
/local/texlive/2021/texmf-dist/fonts/type1/urw/courier/ucrr8a.pfb></usr/local/t
exlive/2021/texmf-dist/fonts/type1/urw/symbol/usyr.pfb></usr/local/texlive/2021
/texmf-dist/fonts/type1/urw/times/utmb8a.pfb></usr/local/texlive/2021/texmf-dis
t/fonts/type1/urw/times/utmr8a.pfb></usr/local/texlive/2021/texmf-dist/fonts/ty
pe1/urw/times/utmri8a.pfb>
Output written on ReferenceMan.pdf (43 pages, 457755 bytes).
PDF statistics:
 208 PDF objects out of 1000 (max. 8388607)
 141 compressed objects within 2 object streams
 0 named destinations out of 1000 (max. 500000)
 21 words of extra memory for PDF output out of 10000 (max. 10000000)

