This is pdfTeX, Version 3.141592653-2.6-1.40.22 (TeX Live 2021) (preloaded format=latex 2022.2.19)  19 FEB 2022 21:16
entering extended mode
 restricted \write18 enabled.
 %&-line parsing enabled.
**DeveloperGuide
(./DeveloperGuide.tex
LaTeX2e <2020-10-01> patch level 4
L3 programming layer <2021-02-18>
(/usr/local/texlive/2021/texmf-dist/tex/latex/base/report.cls
Document Class: report 2020/04/10 v1.4m Standard LaTeX document class
(/usr/local/texlive/2021/texmf-dist/tex/latex/base/size12.clo
File: size12.clo 2020/04/10 v1.4m Standard LaTeX file (size option)
)
\c@part=\count179
\c@chapter=\count180
\c@section=\count181
\c@subsection=\count182
\c@subsubsection=\count183
\c@paragraph=\count184
\c@subparagraph=\count185
\c@figure=\count186
\c@table=\count187
\abovecaptionskip=\skip47
\belowcaptionskip=\skip48
\bibindent=\dimen138
)
(/usr/local/texlive/2021/texmf-dist/tex/latex/listings/listings.sty
(/usr/local/texlive/2021/texmf-dist/tex/latex/graphics/keyval.sty
Package: keyval 2014/10/28 v1.15 key=value parser (DPC)
\KV@toks@=\toks15
)
\lst@mode=\count188
\lst@gtempboxa=\box47
\lst@token=\toks16
\lst@length=\count189
\lst@currlwidth=\dimen139
\lst@column=\count190
\lst@pos=\count191
\lst@lostspace=\dimen140
\lst@width=\dimen141
\lst@newlines=\count192
\lst@lineno=\count193
\lst@maxwidth=\dimen142

(/usr/local/texlive/2021/texmf-dist/tex/latex/listings/lstmisc.sty
File: lstmisc.sty 2020/03/24 1.8d (Carsten Heinz)
\c@lstnumber=\count194
\lst@skipnumbers=\count195
\lst@framebox=\box48
)
(/usr/local/texlive/2021/texmf-dist/tex/latex/listings/listings.cfg
File: listings.cfg 2020/03/24 1.8d listings configuration
))
Package: listings 2020/03/24 1.8d (Carsten Heinz)

(/usr/local/texlive/2021/texmf-dist/tex/latex/natbib/natbib.sty
Package: natbib 2010/09/13 8.31b (PWD, AO)
\bibhang=\skip49
\bibsep=\skip50
LaTeX Info: Redefining \cite on input line 694.
\c@NAT@ctr=\count196
)
(/usr/local/texlive/2021/texmf-dist/tex/latex/listings/lstlang1.sty
File: lstlang1.sty 2020/03/24 1.8d listings language file
)
(/usr/local/texlive/2021/texmf-dist/tex/latex/listings/lstlang1.sty
File: lstlang1.sty 2020/03/24 1.8d listings language file
)
(/usr/local/texlive/2021/texmf-dist/tex/latex/l3backend/l3backend-dvips.def
File: l3backend-dvips.def 2021-03-18 L3 backend support: dvips
\l__pdf_internal_box=\box49
\g__pdf_backend_object_int=\count197
\l__pdf_backend_content_box=\box50
\l__pdf_backend_model_box=\box51
\g__pdf_backend_annotation_int=\count198
\g__pdf_backend_link_int=\count199
\g__pdf_backend_link_sf_int=\count266
)

LaTeX Warning: Unused global option(s):
    [epsf].

(./DeveloperGuide.aux (./TitleDeveloperGuide.aux) (./MainDeveloperGuide.aux))
\openout1 = `DeveloperGuide.aux'.

LaTeX Font Info:    Checking defaults for OML/cmm/m/it on input line 56.
LaTeX Font Info:    ... okay on input line 56.
LaTeX Font Info:    Checking defaults for OMS/cmsy/m/n on input line 56.
LaTeX Font Info:    ... okay on input line 56.
LaTeX Font Info:    Checking defaults for OT1/cmr/m/n on input line 56.
LaTeX Font Info:    ... okay on input line 56.
LaTeX Font Info:    Checking defaults for T1/cmr/m/n on input line 56.
LaTeX Font Info:    ... okay on input line 56.
LaTeX Font Info:    Checking defaults for TS1/cmr/m/n on input line 56.
LaTeX Font Info:    ... okay on input line 56.
LaTeX Font Info:    Checking defaults for OMX/cmex/m/n on input line 56.
LaTeX Font Info:    ... okay on input line 56.
LaTeX Font Info:    Checking defaults for U/cmr/m/n on input line 56.
LaTeX Font Info:    ... okay on input line 56.
\c@lstlisting=\count267
\openout2 = `TitleDeveloperGuide.aux'.


(./TitleDeveloperGuide.tex) [1


] (./DeveloperGuide.toc
LaTeX Font Info:    External font `cmex10' loaded for size
(Font)              <12> on input line 2.
LaTeX Font Info:    External font `cmex10' loaded for size
(Font)              <8> on input line 2.
LaTeX Font Info:    External font `cmex10' loaded for size
(Font)              <6> on input line 2.
)
\tf@toc=\write3
\openout3 = `DeveloperGuide.toc'.

 [1



]
\openout2 = `MainDeveloperGuide.aux'.


(./MainDeveloperGuide.tex
Chapter 1.
[2


] [3] [4]
Chapter 2.
[5

] [6]
Overfull \hbox (27.64877pt too wide) in paragraph at lines 171--176
\OT1/cmr/m/n/12 safer a cleaner pro-gram-ming us-age of the \OT1/cmr/m/sc/12 Fo
r-tran90 \OT1/cmr/m/n/12 at-tribute [][]\OT1/cmtt/m/n/12 intent(in/out/inout)
 []

[7] (./mod_template.f90
Overfull \hbox (12.90892pt too wide) in paragraph at lines 1--2
[][][][] 
 []

LaTeX Font Info:    Trying to load font information for OML+cmr on input line 1
6.
(/usr/local/texlive/2021/texmf-dist/tex/latex/base/omlcmr.fd
File: omlcmr.fd 2019/12/16 v2.5j Standard LaTeX font definitions
)
LaTeX Font Info:    Font shape `OML/cmr/m/n' in size <8> not available
(Font)              Font shape `OML/cmm/m/it' tried instead on input line 16.

Overfull \hbox (12.90892pt too wide) in paragraph at lines 18--20
[][][][] 
 []


Overfull \hbox (2.7087pt too wide) in paragraph at lines 33--34
[][][][][][][][][][][][][][][][][][][][] 
 []

[8])
Overfull \hbox (4.56195pt too wide) in paragraph at lines 184--188
\OT1/cmr/m/n/12 All real vari-ables and pa-ram-e-ters are spec-i-fied in 64-bit
 pre-ci-sion (i.e. real(kind=8)).
 []

[9]
Chapter 3.
) [10

] (./DeveloperGuide.bbl) [11



] (./DeveloperGuide.aux
(./TitleDeveloperGuide.aux) (./MainDeveloperGuide.aux)) ) 
Here is how much of TeX's memory you used:
 2861 strings out of 478995
 39184 string characters out of 5858210
 602474 words of memory out of 5000000
 20359 multiletter control sequences out of 15000+600000
 411334 words of font info for 53 fonts, out of 8000000 for 9000
 1141 hyphenation exceptions out of 8191
 52i,5n,60p,245b,1957s stack positions out of 5000i,500n,10000p,200000b,80000s

Output written on DeveloperGuide.dvi (12 pages, 30088 bytes).
